[html.themewant.com/news5/main/index.html]
[backblue.gif]
[fade.gif]
[index.html]
[unistudio.co/html/news5/assets/images/common/seo-image.1.delayed]
[html.themewant.com/news5/assets/css/unicons.min.css]
[html.themewant.com/news5/assets/css/swiper-bundle.min.css]
[html.themewant.com/news5/assets/js/libs/jquery.min.js]
[html.themewant.com/news5/assets/js/libs/scrollmagic.min.js]
[html.themewant.com/news5/assets/js/libs/swiper-bundle.min.js]
[html.themewant.com/news5/assets/js/libs/anime.min.js]
[html.themewant.com/news5/assets/js/helpers/data-attr-helper.js]
[html.themewant.com/news5/assets/js/helpers/swiper-helper.js]
[html.themewant.com/news5/assets/js/helpers/anime-helper.js]
[html.themewant.com/news5/assets/js/helpers/anime-helper-defined-timelines.js]
[html.themewant.com/news5/assets/js/uikit-components-bs.js]
[html.themewant.com/news5/assets/js/app.js]
[html.themewant.com/news5/assets/js/app-head-bs.js]
[html.themewant.com/news5/assets/js/uni-core/css/uni-core.min.css]
[html.themewant.com/news5/assets/css/prettify.min.css]
[html.themewant.com/news5/assets/css/theme/demo-seven.min.css]
[html.themewant.com/news5/assets/js/uni-core/js/uni-core-bundle.min.js]
[html.themewant.com/news5/main/blog.html]
[html.themewant.com/news5/main/blog-2cols.html]
[html.themewant.com/news5/main/blog-3cols.html]
[html.themewant.com/news5/main/blog-4cols.html]
[html.themewant.com/news5/main/blog-details.html]
[html.themewant.com/news5/main/blog-details-2.html]
[html.themewant.com/news5/main/sign-up.html]
[html.themewant.com/news5/main/sign-in.html]
[html.themewant.com/news5/main/reset-password.html]
[html.themewant.com/news5/main/404.html]
[html.themewant.com/news5/main/coming-soon.html]
[html.themewant.com/news5/main/page-faq.html]
[html.themewant.com/news5/main/page-terms.html]
[html.themewant.com/news5/main/page-privacy.html]
[html.themewant.com/news5/main/shop.html]
[html.themewant.com/news5/main/shop-3.html]
[html.themewant.com/news5/main/shop-2.html]
[html.themewant.com/news5/main/shop-sidebar.html]
[html.themewant.com/news5/main/shop-category.html]
[html.themewant.com/news5/main/shop-product-detail.html]
[html.themewant.com/news5/main/shop-product-detail-2.html]
[html.themewant.com/news5/main/shop-cart.html]
[html.themewant.com/news5/main/shop-cart-2.html]
[html.themewant.com/news5/main/shop-checkout.html]
[html.themewant.com/news5/main/shop-checkout-2.html]
[html.themewant.com/news5/main/shop-order.html]
[html.themewant.com/news5/assets/images/common/img-fallback.png]
[html.themewant.com/news5/assets/images/demo-seven/common/newsletter.jpg]
[html.themewant.com/news5/main/to_top]
[html.themewant.com/news5/main/blog-category.html]
[html.themewant.com/news5/main/blog-classic.html]
[html.themewant.com/news5/main/blog-author.html]
[html.themewant.com/news5/main/blog-details-3.html]
[html.themewant.com/news5/assets/images/common/menu-banner.jpg]
[html.themewant.com/news5/main/page-author.html]
[html.themewant.com/news5/assets/images/avatars/02.png]
[html.themewant.com/news5/assets/images/avatars/08.png]
[html.themewant.com/news5/assets/images/avatars/01.png]
[html.themewant.com/news5/assets/images/common/ad-desktop.jpg]
[html.themewant.com/news5/assets/images/common/ad-mobile.jpg]
[html.themewant.com/news5/assets/images/avatars/03.png]
[html.themewant.com/news5/assets/images/avatars/04.png]
[html.themewant.com/news5/assets/images/common/ad-slot-aside.jpg]
[html.themewant.com/news5/assets/images/common/ad-slot-aside-2.jpg]
[html.themewant.com/news5/main/index.html]
[unistudio.co/html/news5/assets/images/common/seo-image.html]
[html.themewant.com/news5/assets/css/unicons.min.css]
[html.themewant.com/news5/assets/css/swiper-bundle.min.css]
[html.themewant.com/news5/assets/js/libs/jquery.min.js]
[html.themewant.com/news5/assets/js/libs/scrollmagic.min.js]
[html.themewant.com/news5/assets/js/libs/bootstrap.min.js]
[html.themewant.com/news5/main/e]
[html.themewant.com/news5/main/Version/index.html]
[html.themewant.com/news5/main/t.params.url]
[html.themewant.com/news5/assets/js/libs/swiper-bundle.min.js]
[html.themewant.com/news5/assets/js/libs/anime.min.js]
[html.themewant.com/news5/assets/js/helpers/data-attr-helper.js]
[html.themewant.com/news5/assets/js/helpers/swiper-helper.js]
[html.themewant.com/news5/assets/js/helpers/anime-helper.js]
[html.themewant.com/news5/assets/js/helpers/anime-helper-defined-timelines.js]
[html.themewant.com/news5/assets/js/uikit-components-bs.js]
[html.themewant.com/news5/assets/js/app.js]
[html.themewant.com/news5/assets/js/app-head-bs.js]
[html.themewant.com/news5/assets/js/uni-core/css/uni-core.min.css]
[html.themewant.com/news5/assets/css/prettify.min.css]
[html.themewant.com/news5/assets/css/theme/demo-seven.min.css]
[html.themewant.com/news5/assets/js/uni-core/js/uni-core-bundle.min.js]
[html.themewant.com/news5/assets/images/avatars/07.png]
[html.themewant.com/news5/main/blog.html]
[html.themewant.com/news5/assets/images/avatars/05.png]
[html.themewant.com/news5/main/blog-2cols.html]
[html.themewant.com/news5/main/blog-3cols.html]
[html.themewant.com/news5/main/blog-4cols.html]
[html.themewant.com/news5/assets/images/demo-seven/posts/post-1.jpg]
[html.themewant.com/news5/assets/images/demo-seven/posts/post-2.jpg]
[html.themewant.com/news5/assets/images/demo-seven/posts/post-3.jpg]
[html.themewant.com/news5/main/blog-details.html]
[html.themewant.com/news5/main/blog-details-2.html]
[html.themewant.com/news5/main/sign-up.html]
[html.themewant.com/news5/main/sign-in.html]
[html.themewant.com/news5/main/reset-password.html]
[html.themewant.com/news5/main/404.html]
[html.themewant.com/news5/main/coming-soon.html]
[html.themewant.com/news5/main/page-faq.html]
[html.themewant.com/news5/main/page-terms.html]
[html.themewant.com/news5/main/page-privacy.html]
[html.themewant.com/news5/main/shop.html]
[html.themewant.com/news5/main/shop-3.html]
[html.themewant.com/news5/main/shop-2.html]
[html.themewant.com/news5/main/shop-sidebar.html]
[html.themewant.com/news5/main/shop-category.html]
[html.themewant.com/news5/assets/images/common/products/img-08.jpg]
[html.themewant.com/news5/assets/images/common/products/img-17.jpg]
[html.themewant.com/news5/assets/images/common/products/img-18.jpg]
[html.themewant.com/news5/assets/images/common/products/img-19.jpg]
[html.themewant.com/news5/assets/images/common/products/img-20.jpg]
[html.themewant.com/news5/assets/images/common/products/img-21.jpg]
[html.themewant.com/news5/assets/images/common/products/img-22.jpg]
[html.themewant.com/news5/main/shop-product-detail.html]
[html.themewant.com/news5/main/shop-product-detail-2.html]
[html.themewant.com/news5/main/shop-cart.html]
[html.themewant.com/news5/main/shop-cart-2.html]
[html.themewant.com/news5/main/shop-checkout.html]
[html.themewant.com/news5/main/shop-checkout-2.html]
[html.themewant.com/news5/main/shop-order.html]
[html.themewant.com/news5/main/to_top.html]
[html.themewant.com/news5/main/blog-category.html]
[html.themewant.com/news5/main/blog-classic.html]
[html.themewant.com/news5/main/blog-author.html]
[html.themewant.com/news5/main/blog-details-3.html]
[html.themewant.com/news5/main/page-author.html]
[html.themewant.com/news5/assets/images/common/ad-mobile.html]
[html.themewant.com/news5/assets/js/libs/bootstrap.min.js]
[html.themewant.com/news5/main/Version/index.html]
[html.themewant.com/news5/main/e.html]
[html.themewant.com/news5/main/t.params.html]
